[   0.0000 Iitliincgrop ubsys cpuset
[    0.000000] Initializing cgroup subsys cpu
[    .0000] Initializing cgroup susycpuacct
[    0.000000] Linux version 4.4.0-112-generic (buildd@lgw01-amd64-010) (gcc version 5.4.0 20160609 (Ubuntu 5.4.0-6ubuntu1~16.04.5) ) #135-Ubuntu SMP Fri Jan 9 1:8:36 UTC 2018 (Ubuntu 4.4.0-112.135generic 4.4.98)
[    0.000000] Command line: BOO_IMAGEbot/vmliuz.4.012geneicoot=LEL=clodimg-rootfs ro console=tty1 console=ttyS0
[    0.000000] KERNEL supported cpus:
[    0.000000]   InelenuineInl
[    0.000000]   AMD AuthenticAM
    00000]   Centr entauHaul
[    0.000000] x86/fpu:xste_offse[2:  576, xstate_sizes[2]:  256
[    0.000000] x86/fpu: Supporting XSAVE feature 0x01: 'x87 floating poi rgisters
    0.0000] x86/fpu: Spporti XAV ftue 0x2:'SE registrs
[   0.0000] 86pu: Suppotig SAVE fetue 0x04: AVregite'
[  0000000 x/fpu Ebledxsat features 0x7, context size is 832 bytes, using stdard'ort.
[    .00000 x6/fpu: Using'lzy' FP cntxt switches.
[    0.000000] e820: BIOS-provided physical RAM map:
[    0.000000] BIOS-e820: [mem 0x0000000000000000-0x000000000009fbff] usable
  0.000000] BS-820:[m 0x000000009f000x00000009fff]eserved
[  0.0000]BIOS-e820: [em0x00000000f0000-0x00000000ffffreseve
    0.00000] BIOS-82: mem 0x00000001000-0x0000003ffeff] sae
[  .0000] IOS-82 [em 0x000003ff00-0x000003ffff] AC dta
[    0.000000] BIOS-e820: [mem 0x0000000fc000x00000000ec0ff] rered
[    0.0000] BIO-e0: [em0x000000fe0000x00000fee0ff reserd
[   .00000]IO-e82: [mem 0x00000000fffc0000-0x00000000ffffffff] reserved
[    0.000000] NX (Execute Disable) protection: active
[    0.000000] SMBIOS 2.5 present.
[    0.000000] Hypervso dteed: KVM[   0.000] e80:lat_pf =x3fff0 axrch_pfn= x40000000
[    0.000000] MTRRDiabled
[    0.0000] x86/AT MTRRs disabled skippingAT iitlizaon too
[    00000] C MRRs a ban -vitualiz sytem
   0.000000x8/PA Cnfiguration [0-7]: WB  WT  UC- UC  WB  WT  UC- UC  
[    0.000000] found SMPP-abe at [mem0x000ff-0x0009ff] app a [ffff80009ff]
[   0.000] Sanng 1 res orlo mmory corruption
[    000000] RDIK:me0x36ad000x3765f]
  0.0000]ACPI Erl tbl checksum verifaton disbld
[    000000] CP RSDP 0x000000000 0000 (02 VOX)
[    0.0000] ACI:SDT 0x000003FFF0300003C (v1 BOX VBXXT 0000 AS  00061)
  0.000000] API FCP 0x000003FF000 00F4 (04VBOX   VBXFCP 00001AS 0000001)
[   000000 API DSDT 00000003FFF04700021FFv02 BO  VBOXBOS000000 INT 210528)
[   0.00000]ACI:ACS 0x000000003FFF0200 000040
[    0.000000] ACPI: FACS 0x000000003F020 0004

[    0.000] ACP AIC 0x000000FFF020 005Cv0VBOX  VBAPIC 00000001 AS  00000)
[  .00000] PI: SD 00000003FF02A000CC (v1 BOX   VBXCPUT 00000002 INTL 20100528)
[   0.000000] No NUMA configation found
[    0.000000] Faki a noe  [mem x000000000000000-0x000000003ffeffff]
[    0.000000] NDE_DATA(0) allocated [mem 0x3ffeb0000x3ffefff][    0.0000 kvm-clock: Using msr 4b64d01 an4b64d00    0.000000] kvm-clock: cpu 0, msr 0:3ffe3001, primary cpu clock
[    0.000000] kvm-clock: usg sched offset of 4465037647 cycles
[    0.000000] clocksource: kvm-clock: mask: 0xffffffffffffffff max_cyces: 0x1cd42e4dffb, max_idle_ns: 881590591483 ns
[    0.000000] Zone ranges:
[    0.000000]   DMA      [mem 0x0000000000001000-0x0000000000ffffff]
[    0.000000]   DMA32    [mem 0x0000000001000000-0x000000003ffeffff]
[    0.000000]   Normal   empty
[    0.000000]   Device   empty
[    0.00000 Movableone startfor eh ode
[    0.000000] Early memory node ranges
[    0.000000]   node   0: [mem 0x00000000010-0x0000000009eff]
[    00000  ode   0:[m 0x0000000100000x00003ffeffff
[   0.000000] Initmem setup node 0 [mem 0x0000000001000-0x000000003ffeffff]
[    0.00000 API: -Tmer I Prt: x48
[   0.0000]OAIC0]apic_id , rsion 32 adres 0xfec0000,GS0-23    00000]AC: INT_SROV (b 0busir0 global_i 2dfl fl
[    0.000000] ACPI: INT_SRC_OVR(b 0 b_iq 9 gloalrq 9 low lev)
[  .000000] UsngCPI (AD) or SMP onguraioinformation
[    0.000] smoot:Alowin2 PUs, 0otlug Cs
[    00000] M:egistere nosave memory: [mem 0x00000000-0x00000fff]
[    0.000000] PM: Rgistered nosave memory: [mem 0x0009f000-0x0009ffff]
[   .000000] PMReistered nav memory: [mem 0x000a0000-0x000effff]
[    0.000000] PM: Registered nosavemeory:[m 0x000000-x000fff
[  0.00000]82: [mm 4000000-0febfffff] available for PCI devices
   0.000] Booin parviualize kne on VM
[   000000] cocourcereine-jiffies: ask: 0ffffff x_ycles: 0xffffffff, max_idle_ns: 7645519600211568 ns
[    0.000000] setup_percpu: _CUS:2 r_cpumaskbi:512 _cu_ds2 r_node_ds
[  0.000000]ERPU Ebeded 34 pag/cu fff8003fc0000 99544 r19d31528u14876
[   .00000 PV spinlok sh tbl etries: 26 order 0 496 bte
[    0.0000]Built1 nelistsinode order, mobiit goungon.  Toal pages: 257913
[    0.000000] Polcy ze:DM32
[    0.0000] Kene cmmand li: BOOTIMGE=/boot/vminz-4.4.0-112geric roo=LELcludim-rotfs ro nsle=tt1 onole=ty0[    00000] D hah ble entie 4096 (orer 3, 376 byts)
[    0.0000]Memory:10170K/0412K aville (8499Kkenel coe, 309Krwta, 38Krodata, 108 init 16K b, 6380Krerved 0cm-rered)[   0.000] SLU: Walign64Order=0-3, inject0,CPs= Nodes=1
[   00000]ernel/User pageabes ioltin:nabled
[   .00000 HerarchicalCUimplemetaon.
[  000000]Buil-time adjtment o lf faou t 64.[   0.0000] 	RC rstrictinCPs from NR_CPUS51 to nr_u_ids=.
[    0.00000 RU: Adjusingeometrfo rcufaut_leaf=6, nr_cpu_ids=
[    0.0000 N_IQS:3302 nirqs:40 6
[   .00000]Cosoe: color A+ 8x2
[    0.000000] console [tty1] enabled
[    0.000000] console [ttyS0] enabled
[    0.000000] tsc: Detected 1799.999 MHz processor
[   21.316923] Calibrating delay loop (skipped) preset value.. 3599.99 BogoMIPS (lpj=7199996)
[   21.456148] pid_max: default: 32768 minimum: 301
[   21.527463] ACPI: Core revision 20150930
[   21.585077] ACPI: 2 ACPI AML tables successfully acquired and loaded
[   21.669841] Security Framework initialized
[   21.727460] Yama: becoming mindful.
[   21.789590] AppArmor: AppArmor initialized
[   21.859997] Dentry cache hash table entries: 131072 (order: 8, 1048576 bytes)
[   21.879098] Inode-cache hash table entries: 65536 (order: 7, 524288 bytes)
[   21.943545] Mount-cache hash table entries: 2048 (order: 2, 16384 bytes)
[   22.031736] Mountpoint-cache hash table entries: 2048 (order: 2, 16384 bytes)
[   22.159620] Initializing cgroup subsys io
[   22.241839] Initializing cgroup subsys memory
[   22.325144] Initializing cgroup subsys devices
[   22.401034] Initializing cgrop subsys freezer
[   22.505467] Initializing cgroup subsys net_cls
[   22.591262] Initializing cgroup subsys perf_event
[   22.688497] Initializing cgroup subsys net_prio
[   22.779580] Initializing cgroup subsys hugetlb
[   22.870949] Initializing cgroup subsys pids
[   22.891832] CPU: Physical Processor ID: 0
[   22.917059] CPU: Processor Core ID: 0
[   22.972016] FEATURE SPEC_CTRL Not Present
[   23.018359] mce: CPU supports 0 MCE banks
[   23.041444] Last level iTLB entries: 4KB 64, 2MB 8, 4MB 8
[   23.058177] Last level dTLB entries: 4KB 64, 2MB 0, 4MB 0, 1GB 4
[   23.083695] Freeing SMP alternatives memory: 32K
[   23.144343] ftrace: allocating 32180 entries in 126 pages
[   23.302217] smpboot: APIC(0) Converting physical 0 to logical package 0
[   23.432971] smpboot: Max logical packages: 1
[   23.532323] x2apic enabled
[   23.579359] Switched APIC routing to physical x2apic.
[   23.674324] ..TIMER: vector=0x30 apic1=0 pin1=2 apic2=-1 pin2=-1
[   23.894939] smpboot: CPU0: Intel(R) Core(TM) i5-5350U CPU @ 1.80GHz (family: 0x6, model: 0x3d, stepping: 0x4)
[   24.049114] Performance Events: unsupported p6 CPU model 61 no PMU driver, software events only.
[   24.191775] KVM setup paravirtual spinlock
[   24.276905] x86: Booting SMP configuration:
[   24.335507] .... node  #0, CPUs:      #1
[   24.413623] kvm-clock: cpu 1, msr 0:3ffe3041, secondary cpu clock
[   24.443891] mce: CPU supports 0 MCE banks
[   24.481503] x86: Booted up 1 node, 2 CPUs
[   24.540787] smpboot: Total of 2 processors activated (7199.99 BogoMIPS)
[   24.576307] devtmpfs: initialized
[   24.625200] evm: security.selinux
[   24.674511] evm: security.SMACK64
[   24.720534] evm: security.SMACK64EXEC
[   24.759936] evm: security.SMACK64TRANSMUTE
[   24.809795] evm: security.SMACK64MMAP
[   24.852015] evm: security.ima
[   24.889773] evm: security.capability
[   24.939168] clocksource: jiffies: mask: 0xffffffff max_cycles: 0xffffffff, max_idle_ns: 7645041785100000 ns
[   25.020271] futex hash table entries: 512 (order: 3, 32768 bytes)
[   25.073491] pinctrl core: initialized pinctrl subsystem
[   25.142717] RTC time: 23:13:27, date: 01/31/18
[   25.171956] NET: Registered protocol family 16
[   25.232421] cpuidle: using governor ladder
[   25.291553] cpuidle: using governor menu
[   25.306331] PCCT header not found.
[   25.316381] ACPI: bus type PCI registered
[   25.327783] acpiphp: ACPI Hot Plug PCI Controller Driver version: 0.5
[   25.391691] PCI: Using configuration type 1 for base access
[   25.473438] ACPI: Added _OSI(Module Device)
[   25.512919] ACPI: Added _OSI(Processor Device)
[   25.567819] ACPI: Added _OSI(3.0 _SCP Extensions)
[   25.626827] ACPI: Added _OSI(Processor Aggregator Device)
[   25.694424] ACPI: Executed 1 blocks of module-level executable AML code
[   25.768079] ACPI: Interpreter enabled
[   25.807724] ACPI: (supports S0 S5)
[   25.846490] ACPI: Using IOAPIC for interrupt routing
[   25.907829] PCI: Using host bridge windows from ACPI; if necessary, use "pci=nocrs" and report a bug
[   26.009413] ACPI: PCI Root Bridge [PCI0] (domain 0000 [bus 00-ff])
[   26.060356] acpi PNP0A03:00: _OSC: OS supports [ASPM ClockPM Segments MSI]
[   26.152233] acpi PNP0A03:00: _OSC: not requesting OS control; OS requires [ExtendedConfig ASPM ClockPM MSI]
[   26.235726] acpi PNP0A03:00: fail to add MMCONFIG information, can't access extended PCI configuration space under this bridge.
[   26.359727] PCI host bridge to bus 0000:00
[   26.406908] pci_bus 0000:00: root bus resource [io  0x0000-0x0cf7 window]
[   26.448842] pci_bus 0000:00: root bus resource [io  0x0d00-0xffff window]
[   26.512254] pci_bus 0000:00: root bus resource [mem 0x000a0000-0x000bffff window]
[   26.612170] pci_bus 0000:00: root bus resource [mem 0x40000000-0xfdffffff window]
[   26.628250] pci_bus 0000:00: root bus resource [bus 00-ff]
[   26.665491] pci 0000:00:01.1: legacy IDE quirk: reg 0x10: [io  0x01f0-0x01f7]
[   26.679655] pci 0000:00:01.1: legacy IDE quirk: reg 0x14: [io  0x03f6]
[   26.690474] pci 0000:00:01.1: legacy IDE quirk: reg 0x18: [io  0x0170-0x0177]
[   26.704792] pci 0000:00:01.1: legacy IDE quirk: reg 0x1c: [io  0x0376]
[   26.750362] pci 0000:00:07.0: quirk: [io  0x4000-0x403f] claimed by PIIX4 ACPI
[   26.765769] pci 0000:00:07.0: quirk: [io  0x4100-0x410f] claimed by PIIX4 SMB
[   26.808182] ACPI: PCI Interrupt Link [LNKA] (IRQs 5 9 10 *11)
[   26.825525] ACPI: PCI Interrupt Link [LNKB] (IRQs 5 9 *10 11)
[   26.839972] ACPI: PCI Interrupt Link [LNKC] (IRQs 5 *9 10 11)
[   26.855900] ACPI: PCI Interrupt Link [LNKD] (IRQs 5 9 10 *11)
[   26.879238] ACPI: Enabled 2 GPEs in block 00 to 07
[   26.922770] vgaarb: setting as boot device: PCI:0000:00:02.0
[   26.993004] vgaarb: device added: PCI:0000:00:02.0,decodes=io+mem,owns=io+mem,locks=none
[   27.089816] vgaarb: loaded
[   27.110706] vgaarb: bridge control possible 0000:00:02.0
[   27.164246] SCSI subsystem initialized
[   27.190729] ACPI: bus type USB registered
[   27.246770] usbcore: registered new interface driver usbfs
[   27.322678] usbcore: registered new interface driver hub
[   27.380778] usbcore: registered new device driver usb
[   27.395164] PCI: Using ACPI for IRQ routing
[   27.419559] NetLabel: Initializing
[   27.468843] NetLabel:  domain hash size = 128
[   27.514350] NetLabel:  protocols = UNLABELED CIPSOv4
[   27.570521] NetLabel:  unlabeled traffic allowed by default
[   27.619450] amd_nb: Cannot enumerate AMD northbridges
[   27.676704] clocksource: Switched to clocksource kvm-clock
[   27.7483 AArr:ppmo Fleysm abd[ 28939] pn: PnP APIni
  8.268]pn P APIfod dece

[   29.217248] clocksource: acpi_pm: mask: 0xffffff max_cycles: 0xffffff, max_idle_ns: 2085701024 ns
[   29.381458] NET: Registered protocol family 2
[   29.435359] TCP established hash table entries: 8192 (order: 4, 65536 bytes)
[   29.589221] TCP bind hash table entries: 8192 (order: 5, 131072 bytes)
[   29.720241] TCP: Hash tables configured (established 8192 bind 8192)
[   29.828874] UDP hash table entries: 512 (order: 2, 16384 bytes)
[   29.852057] UDP-Lite hash table entries: 512 (order: 2, 16384 bytes)
[   29.867686] NET: Registered protocol family 1
[   29.879318] pci 0000:00:00.0: Limiting direct PCI/PCI transfers
[   29.895309] pci 0000:00:01.0: Activating ISA DMA hang workarounds
[   29.923857] Unpacking initramfs...
[   31.921108] Freeing initrd memory: 10792K
[   31.980457] RAPL PMU detected, API unit is 2^-32 Joules, 4 fixed counters 10737418240 ms ovfl timer
[   32.129389] hw unit of domain pp0-core 2^-0 Joules
[   32.147336] hw unit of domain package 2^-0 Joules
[   32.161743] hw unit of domain dram 2^-0 Joules
[   32.175239] hw unit of domain pp1-gpu 2^-0 Joules
[   32.189016] platform rtc_cmos: registered platform RTC device (no PNP device found)
[   32.240113] Scanning for low memory corruption every 60 seconds
[   32.322337] audit: initializing netlink subsys (disabled)
[   32.399107] audit: type=2000 audit(1517440394.181:1): initialized
[   32.481559] Initialise system trusted keyring
[   32.550005] HugeTLB registered 2 MB page size, pre-allocated 0 pages
[   32.671694] zbud: loaded
[   32.709679] VFS: Disk quotas dquot_6.6.0
[   32.820438] VFS: Dquot-cache hash table entries: 512 (order 0, 4096 bytes)
[   32.867034] squashfs: version 4.0 (2009/01/31) Phillip Lougher
[   32.911063] fuse init (API version 7.23)
[   32.918145] Key type big_key registered
[   32.997318] Allocating IMA MOK and blacklist keyrings.
[   33.015998] Key type asymmetric registered
[   33.078013] Asymmetric key parser 'x509' registered
[   33.150341] Block layer SCSI generic (bsg) driver version 0.4 loaded (major 249)
[   33.261139] tsc: Refined TSC clocksource calibration: 1799.078 MHz
[   33.275770] clocksource: tsc: mask: 0xffffffffffffffff max_cycles: 0x19eec2b31d2, max_idle_ns: 440795271025 ns
[   33.276885] io scheduler noop registered
ÿ[   33.276887] io scheduler deadline registered (default)
[   33.276948] io scheduler cfq registered
[   33.277089] pci_hotplug: PCI Hot Plug PCI Core version: 0.5
[   33.277096] pciehp: PCI Express Hot Plug Controller Driver version: 0.4
[   33.277523] ACPI: AC Adapter [AC] (on-line)
[   33.277598] input: Power Button as /devices/LNXSYSTM:00/LNXPWRBN:00/input/input0
[   33.277602] ACPI: Power Button [PWRF]
[   33.277729] input: Sleep Button as /devices/LNXSYSTM:00/LNXSLPBN:00/input/input1
[   33.277731] ACPI: Sleep Button [SLPF]
[   33.277958] GHES: HEST is not enabled!
[   33.279675] ACPI: Battery Slot [BAT0] (battery present)
[   33.312904] Serial: 8250/16550 driver, 32 ports, IRQ sharing enabled
[   33.348953] 00:02: ttyS0 at I/O 0x3f8 (irq = 4, base_baud = 115200) is a 16550A
[   33.451569] Linux agpgart interface v0.103
[   33.462487] loop: module loaded
[   33.463110] scsi host0: ata_piix
[   33.463163] scsi host1: ata_piix
[   33.463191] ata1: PATA max UDMA/33 cmd 0x1f0 ctl 0x3f6 bmdma 0xd000 irq 14
[   33.463192] ata2: PATA max UDMA/33 cmd 0x170 ctl 0x376 bmdma 0xd008 irq 15
[   33.463260] libphy: Fixed MDIO Bus: probed
[   33.463262] tun: Universal TUN/TAP device driver, 1.6
[   33.463263] tun: (C) 1999-2004 Max Krasnyansky <maxk@qualcomm.com>
[   33.463687] PPP generic driver version 2.4.2
[   33.463740] ehci_hcd: USB 2.0 'Enhanced' Host Controller (EHCI) Driver
[   33.463744] ehci-pci: EHCI PCI platform driver
[   33.463758] ehci-platform: EHCI generic platform driver
[   33.463766] ohci_hcd: USB 1.1 'Open' Host Controller (OHCI) Driver
[   33.463769] ohci-pci: OHCI PCI platform driver
[   33.463776] ohci-platform: OHCI generic platform driver
[   33.463782] uhci_hcd: USB Universal Host Controller Interface driver
[   33.463831] i8042: PNP: PS/2 Controller [PNP0303:PS2K,PNP0f03:PS2M] at 0x60,0x64 irq 1,12
[   33.464305] serio: i8042 KBD port at 0x60,0x64 irq 1
[   33.464309] serio: i8042 AUX port at 0x60,0x64 irq 12
[   33.464400] mousedev: PS/2 mouse device common for all mice
[   33.464685] input: AT Translated Set 2 keyboard as /devices/platform/i8042/serio0/input/input2
[   33.465082] rtc_cmos rtc_cmos: rtc core: registered rtc_cmos as rtc0
[   33.465140] rtc_cmos rtc_cmos: alarms up to one day, 114 bytes nvram
[   33.465146] i2c /dev entries driver
[   33.465196] device-mapper: uevent: version 1.0.3
[   33.465252] device-mapper: ioctl: 4.34.0-ioctl (2015-10-28) initialised: dm-devel@redhat.com
[   33.465270] ledtrig-cpu: registered to indicate activity on CPUs
[   33.465916] NET: Registered protocol family 10
[   33.466062] NET: Registered protocol family 17
[   33.466071] Key type dns_resolver registered
[   33.466208] microcode: CPU0 sig=0x306d4, pf=0x40, revision=0x0
[   33.470468] microcode: CPU1 sig=0x306d4, pf=0x40, revision=0x0
[   33.470540] microcode: Microcode Update Driver: v2.01 <tigran@aivazian.fsnet.co.uk>, Peter Oruba
[   33.470667] registered taskstats version 1
[   33.470680] Loading compiled-in X.509 certificates
[   33.471365] Loaded X.509 cert 'Build time autogenerated kernel key: 4c603087bab8f0a02cb3b4e1fb4c40f507e71ef1'
[   33.471387] zswap: loaded using pool lzo/zbud
[   33.473213] Key type trusted registered
[   33.476421] Key type encrypted registered
[   33.476429] AppArmor: AppArmor sha1 policy hashing enabled
[   33.476433] ima: No TPM chip found, activating TPM-bypass!
[   33.476452] evm: HMAC attrs: 0x1
[   33.476904]   Magic number: 2:907:252
[   33.485810] rtc_cmos rtc_cmos: setting system clock to 2018-01-31 23:13:35 UTC (1517440415)
[   33.485923] BIOS EDD facility v0.16 2004-Jun-25, 0 devices found
[   33.485924] EDD information not available.
[   36.693670] Freeing unused kernel memory: 1508K
[   36.757556] Write protecting the kernel read-only data: 14336k
[   36.830621] Freeing unused kernel memory: 1728K
[   36.889945] Freeing unused kernel memory: 108K
Loading, please [   37.751844] random: systemd-udevd: uninitialized urandom read (16 bytes read, 9 bits of entropy available)
wait...
starting version 229
[   37.752640] random: udevadm: uninitialized urandom read (16 bytes read, 9 bits of entropy available)
[   37.752665] random: udevadm: uninitialized urandom read (16 bytes read, 9 bits of entropy available)
[   37.768364] random: udevadm: uninitialized urandom read (16 bytes read, 9 bits of entropy available)
[   37.768444] random: udevadm: uninitialized urandom read (16 bytes read, 9 bits of entropy available)
[   37.768794] random: udevadm: uninitialized urandom read (16 bytes read, 9 bits of entropy available)
[   37.768912] random: udevadm: uninitialized urandom read (16 bytes read, 9 bits of entropy available)
[   37.769018] random: udevadm: uninitialized urandom read (16 bytes read, 9 bits of entropy available)
[   37.769198] random: udevadm: uninitialized urandom read (16 bytes read, 9 bits of entropy available)
[   37.769328] random: udevadm: uninitialized urandom read (16 bytes read, 9 bits of entropy available)
[   37.952201] e1000: Intel(R) PRO/1000 Network Driver - version 7.3.21-k8-NAPI
[   37.995810] e1000: Copyright (c) 1999-2006 Intel Corporation.
[   38.013561] Fusion MPT base driver 3.04.20
[   38.035895] Copyright (c) 1999-2008 LSI Corporation
[   38.052236] Fusion MPT SPI Host driver 3.04.20
[   38.098070] AVX2 version of gcm_enc/dec engaged.
[   38.121456] AES CTR mode by8 optimization enabled
[   38.348121] input: ImExPS/2 Generic Explorer Mouse as /devices/platform/i8042/serio1/input/input4
[   38.506937] e1000 0000:00:03.0 eth0: (PCI:33MHz:32-bit) 02:db:14:78:b4:e6
[   39.145413] e1000 0000:00:03.0 eth0: Intel(R) PRO/1000 Network Connection
[   39.726160] e1000 0000:00:08.0 eth1: (PCI:33MHz:32-bit) 08:00:27:c3:80:95
[   40.168966] e1000 0000:00:08.0 eth1: Intel(R) PRO/1000 Network Connection
[   40.172402] mptbase: ioc0: Initiating bringup
[   40.173292] e1000 0000:00:03.0 enp0s3: renamed from eth0
[   40.270234] e1000 0000:00:08.0 enp0s8: renamed from eth1
[   40.385077] ioc0: LSI53C1030 A0: Capabilities={Initiator}
[   40.609682] scsi host2: ioc0: LSI53C1030 A0, FwRev=00000000h, Ports=1, MaxQ=256, IRQ=20
[   40.773997] scsi 2:0:0:0: Direct-Access     VBOX     HARDDISK         1.0  PQ: 0 ANSI: 5
[   40.907476] scsi target2:0:0: Beginning Domain Validation
[   41.009256] scsi target2:0:0: Domain Validation skipping write tests
[   41.053663] scsi target2:0:0: Ending Domain Validation
[   41.090663] floppy0: no floppy controllers found
[   41.152199] scsi target2:0:0: asynchronous
[   41.176544] scsi 2:0:1:0: Direct-Access     VBOX     HARDDISK         1.0  PQ: 0 ANSI: 5
[   41.186358] scsi target2:0:1: Beginning Domain Validation
[   41.192111] scsi target2:0:1: Domain Validation skipping write tests
[   41.281425] scsi target2:0:1: Ending Domain Validation
[   41.330942] scsi target2:0:1: asynchronous
[   41.347561] sd 2:0:0:0: [sda] 20971520 512-byte logical blocks: (10.7 GB/10.0 GiB)
[   41.361070] sd 2:0:0:0: Attached scsi generic sg0 type 0
[   41.445446] sd 2:0:1:0: Attached scsi generic sg1 type 0
[   41.558702] sd 2:0:1:0: [sdb] 20480 512-byte logical blocks: (10.5 MB/10.0 MiB)
[   41.658107] sd 2:0:0:0: [sda] Write Protect is off
[   41.750134] sd 2:0:1:0: [sdb] Write Protect is off
[   41.753910] sd 2:0:0:0: [sda] Incomplete mode parameter data
[   41.753911] sd 2:0:0:0: [sda] Assuming drive cache: write through
[   41.852000]  sda: sda1
[   41.852919] sd 2:0:0:0: [sda] Attached SCSI disk
[   41.970945] sd 2:0:1:0: [sdb] Incomplete mode parameter data
[   42.036051] sd 2:0:1:0: [sdb] Assuming drive cache: write through
[   42.074350] sd 2:0:1:0: [sdb] Attached SCSI disk
Begin: Loading e[   43.514679] md: linear personality registered for level -1
ssential drivers ... [   43.571789] md: multipath personality registered for level -4
[   43.648112] md: raid0 personality registered for level 0
[   43.713543] md: raid1 personality registered for level 1
[   43.872882] raid6: sse2x1   gen()  8617 MB/s
[   44.019111] raid6: sse2x1   xor()  5915 MB/s
[   44.139122] raid6: sse2x2   gen() 10758 MB/s
[   44.300954] raid6: sse2x2   xor()  6812 MB/s
[   44.440968] raid6: sse2x4   gen() 11185 MB/s
[   44.577279] raid6: sse2x4   xor()  8193 MB/s
[   44.665157] raid6: avx2x1   gen()  7155 MB/s
[   44.789287] raid6: avx2x2   gen() 19091 MB/s
[   44.918605] raid6: avx2x4   gen() 21765 MB/s
[   44.949494] raid6: using algorithm avx2x4 gen() 21765 MB/s
[   45.030137] raid6: using avx2x2 recovery algorithm
[   45.091738] xor: automatically using best checksumming function:
[   45.196877]    avx       : 18089.000 MB/sec
[   45.246935] async_tx: api initialized (async)
[   45.348593] md: raid6 personality registered for level 6
[   45.430018] md: raid5 personality registered for level 5
[   45.519928] md: raid4 personality registered for level 4
[   45.592086] md: raid10 personality registered for level 10
done.
Begin: Running /scripts/init-premount ...[   45.693346] Btrfs loaded
 done.
Begin: Mounting root file system ... Begin: Running /scripts/local-top ... done.
Begin: Running /scripts/local-premount ... Scanning for Btrfs filesyst[   45.807135] EXT4-fs (sda1): mounted filesystem with ordered data mode. Opts: (null)
ems
done.
Warning: fsck not present, so skipping root file system
done.
Begin: Running /scripts/local-bottom ... done.
Begin: Running /scripts/init-bottom ... done.
[   46.086050] systemd[1]: systemd 229 running in system mode. (+PAM +AUDIT +SELINUX +IMA +APPARMOR +SMACK +SYSVINIT +UTMP +LIBCRYPTSETUP +GCRYPT +GNUTLS +ACL +XZ -LZ4 +SECCOMP +BLKID +ELFUTILS +KMOD -IDN)
[   46.248545] systemd[1]: Detected virtualization oracle.
[   46.320685] systemd[1]: Detected architecture x86-64.

Welcome to [1mUbuntu 16.04.3 LTS[0m!

[   46.462917] systemd[1]: Set hostname to <ubuntu-xenial>.
[   46.971416] systemd[1]: Listening on Device-mapper event daemon FIFOs.
[[0;32m  OK  [0m] Listening on Device-mapper event daemon FIFOs.
[   47.113616] systemd[1]: Listening on udev Control Socket.
[[0;32m  OK  [0m] Listening on udev Control Socket.
[   47.286111] systemd[1]: Listening on Journal Audit Socket.
[[0;32m  OK  [0m] Listening on Journal Audit Socket.
[   47.401534] systemd[1]: Listening on LVM2 metadata daemon socket.
[[0;32m  OK  [0m] Listening on LVM2 metadata daemon socket.
[   47.569995] systemd[1]: Reached target Encrypted Volumes.
[[0;32m  OK  [0m] Reached target Encrypted Volumes.
[   47.702235] systemd[1]: Listening on Syslog Socket.
[[0;32m  OK  [0m] Listening on Syslog Socket.
[   47.823209] systemd[1]: Created slice User and Session Slice.
[[0;32m  OK  [0m] Created slice User and Session Slice.
[   47.954016] systemd[1]: Set up automount Arbitrary Executable File Formats File System Automount Point.
[[0;32m  OK  [0m] Set up automount Arbitrary Executab...ats File System Automount Point.
[   48.069428] systemd[1]: Started Trigger resolvconf update for networkd DNS.
[[0;32m  OK  [0m] Started Trigger resolvconf update for networkd DNS.
[   48.150220] systemd[1]: Listening on /dev/initctl Compatibility Named Pipe.
[[0;32m  OK  [0m] Listening on /dev/initctl Compatibility Named Pipe.
[   48.318035] systemd[1]: Listening on Journal Socket.
[[0;32m  OK  [0m] Listening on Journal Socket.
[   48.501648] systemd[1]: Listening on LVM2 poll daemon socket.
[[0;32m  OK  [0m] Listening on LVM2 poll daemon socket.
[   48.653557] systemd[1]: Reached target User and Group Name Lookups.
[[0;32m  OK  [0m] Reached target User and Group Name Lookups.
[   48.803958] systemd[1]: Reached target Swap.
[[0;32m  OK  [0m] Reached target Swap.
[   48.933819] systemd[1]: Started Forward Password Requests to Wall Directory Watch.
[[0;32m  OK  [0m] Started Forward Password Requests to Wall Directory Watch.
[   49.149401] systemd[1]: Listening on udev Kernel Socket.
[[0;32m  OK  [0m] Listening on udev Kernel Socket.
[   49.181895] systemd[1]: Listening on Journal Socket (/dev/log).
[[0;32m  OK  [0m] Listening on Journal Socket (/dev/log).
[   49.226353] systemd[1]: Created slice System Slice.
[[0;32m  OK  [0m] Created slice System Slice.
[   49.309869] systemd[1]: Starting Uncomplicated firewall...
[   49.311774] random: nonblocking pool is initialized
         Starting Uncomplicated firewall...
[   49.378950] systemd[1]: Created slice system-serial\x2dgetty.slice.
[[0;32m  OK  [0m] Created slice system-serial\x2dgetty.slice.
[   49.469404] systemd[1]: Mounting POSIX Message Queue File System...
         Mounting POSIX Message Queue File System...
[   49.545835] systemd[1]: Mounting Huge Pages File System...
         Mounting Huge Pages File System...
[   49.681457] systemd[1]: Starting Monitoring of LVM2 mirrors, snapshots etc. using dmeventd or progress polling...
         Starting Monitoring of LVM2 mirrors... dmeventd or progress polling...
[   49.881244] systemd[1]: Starting Set console keymap...
         Starting Set console keymap...
[   50.009992] systemd[1]: Starting Journal Service...
         Starting Journal Service...
[   5.137] ystemd[1]: Starting Remount Root and Kernel File Systems...
         Starting Remount[   50.367473] EXT4-fs (sda1): re-mounted. Opts: (null)
 Root and Kernel File Systems...
[   50.469203] systemd[1]: Mounting Debug File System...
         Mounting Debug File System...
[   50.549599] systemd[1]: Starting Nameserver information manager...
         Starting Nameserver information manager...
[  50.633391] sstemd[1]: Reachd rgt Slies

[[0;32m  OK  [0m] Reached target Slices.
[   51.005495] systemd[1]: Starting Load Kernel Modules...
         Starting Load Ke[   51.068169] Loading iSCSI transport class v2.0-870.
rnel Modules...[   51.184109] iscsi: registered transport (tcp)

[   51.265168] systemd[1]: Starting Create list of required static device nodes for the current kernel...
         Starting Create [   51.364836] iscsi: registered transport (iser)
list of required st... nodes for the current kernel...
[   51.529881] systemd[1]: Mounted POSIX Message Queue File System.
[[0;32m  OK  [0m] Mounted POSIX Message Queue File System.
[ 51613974 systmd1]Mont DugilSyem
[[0;32m  OK  [0m] Mounted Debug File System.
[ 52802]ystemd[1]: Mont Huge Pages File Syste.
[[0;32m  OK  [0m] Mounted Huge Pages File System.
[   52.73679] systmd]:taed JournaSeic.
[[0;32m  OK  [0m] Started Journal Service.
[[0;32m  OK  [0m] Started Uncomplicated firewall.
[[0;32m  OK  [0m] Started Set console keymap.
[[0;32m  OK  [0m] Started Remount Root and Kernel File Systems.
[[0;32m  OK  [0m] Started Load Kernel Modules.
[[0;32m  OK  [0m] Started Create list of required sta...ce nodes for the current kernel.
[[0;32m  OK  [0m] Started Nameserver information manager.
[[0;32m  OK  [0m] Started LVM2 metadata daemon.
         Starting Create Static Device Nodes in /dev...
         Mounting FUSE Control File System...
         Starting Apply Kernel Variables...
         Starting udev Coldplug all Devices...
         Starting Load/Save Random Seed...
         Starting Initial cloud-init job (pre-networking)...
         Starting Flush Journal to Persistent Storage...
[[0;32m  OK  [0m] Mounted FUSE Control File System.
[[0;32m  OK  [0m] Started Monitoring of LVM2 mirrors,...ng dmeventd or progress polling.
[[0;32m  OK  [0m] Started Create Static Device Nodes in /dev.
[[0;32m  OK  [0m] Started Apply Kernel Variables.
[[0;32m  OK  [0m] Started Load/Save Random Seed.
[[0;32m  OK  [0m] Started udev Coldplug all Devices.
[[0;32m  OK  [0m] Started Flush Journal to Persistent Storage.
         Starting udev Kernel Device Manager...
[[0;32m  OK  [0m] Started udev Kernel Device Manager.
[[0;32m  OK  [0m] Started Dispatch Password Requests to Console Directory Watch.
[[0;32m  OK  [0m] Reached target Local File Systems (Pre).
[[0;32m  OK  [0m] Reached target Local File Systems.
         Starting Create Volatile Files and Directories...
         Starting LSB: AppArmor initialization...
         Starting Tell Plymouth To Write Out Runtime Data...
         Starting Set console font and keymap...
[[0;32m  OK  [0m] Started Create Volatile Files and Directories.
[[0;32m  OK  [0m] Started Tell Plymouth To Write Out Runtime Data.
[[0;32m  OK  [0m] Found device /dev/ttyS0.
[[0;32m  OK  [0m] Reached target System Time Synchronized.
         Starting Update UTMP about System Boot/Shutdown...
[[0;32m  OK  [0m] Started LSB: AppArmor initialization.
[[0;32m  OK  [0m] Started Update UTMP about System Boot/Shutdown.
[[0;32m  OK  [0m] Listening on Load/Save RF Kill Switch Status /dev/rfkill Watch.
[   28.867206] cloud-init[456]: Cloud-init v. 17.1 running 'init-local' at Wed, 31 Jan 2018 23:13:57 +0000. Up 28.33 seconds.
[[0;32m  OK  [0m] Started Set console font and keymap.
[[0;32m  OK  [0m] Started Initial cloud-init job (pre-networking).
[[0;32m  OK  [0m] Found device 82540EM Gigabit Ethern...r (PRO/1000 MT Desktop Adapter).
[[0;32m  OK  [0m] Reached target Network (Pre).
         Starting Raise network interfaces...
[[0;32m  OK  [0m] Started ifup for enp0s3.
[[0;32m  OK  [0m] Started ifup for enp0s8.
[[0;32m  OK  [0m] Created slice system-getty.slice.
[[0;32m  OK  [0m] Found device 82540EM Gigabit Ethern...r (PRO/1000 MT Desktop Adapter).
[[0;32m  OK  [0m] Started Raise network interfaces.
         Starting Initial cloud-init job (metadata service crawler)...
[[0;32m  OK  [0m] Reached target Network.
[   32.633721] cloud-init[1051]: Cloud-init v. 17.1 running 'init' at Wed, 31 Jan 2018 23:14:00 +0000. Up 31.86 seconds.
[   32.724979] cloud-init[1051]: ci-info: ++++++++++++++++++++++++++++++++++++++Net device info++++++++++++++++++++++++++++++++++++++
[   32.792701] cloud-init[1051]: ci-info: +--------+------+-----------------------------+---------------+-------+-------------------+
[   32.793426] cloud-init[1051]: ci-info: | Device |  Up  |           Address           |      Mask     | Scope |     Hw-Address    |
[[0;32m  OK  [0m] Started Initial cloud-init job (metadata service crawler).
[   32.793788] cloud-init[1051]: ci-info: +--------+------+-----------------------------+---------------+-------+-------------------+
[   33.068878] cloud-init[1051]: ci-info: | enp0s3 | True |          10.0.2.15          | 255.255.255.0 |   .   | 02:db:14:78:b4:e6 |
[   33.069547] cloud-init[1051]: ci-info: | enp0s3 | True |  fe80::db:14ff:fe78:b4e6/64 |       .       |  link | 02:db:14:78:b4:e6 |
[[0;32m  OK  [0m] Reached target Network is Online.
[   33.070050] cloud-init[1051]: ci-info: | enp0s8 | True |        192.168.10.150       | 255.255.255.0 |   .   | 08:00:27:c3:80:95 |
[   33.364909] cloud-init[1051]: ci-info: | enp0s8 | True | fe80::a00:27ff:fec3:8095/64 |       .       |  link | 08:00:27:c3:80:95 |
         [   33.365533] Starting iSCSI initiator daemon (iscsid)...cloud-init
[1051]: ci-info: |   lo   | True |          127.0.0.1          |   255.0.0.0   |   .   |         .         |
[   33.532741] cloud-init[1051]: ci-info: |   lo   | True |           ::1/128           |       .       |  host |         .         |
[   33.533578] cloud-init[1051]: ci-info: +--------+------+-----------------------------+---------------+-------+-------------------+
[[0;32m  OK  [0m] Reached target Cloud-config availability.
[   33.533913] cloud-init[1051]: ci-info: ++++++++++++++++++++++++++++Route IPv4 info++++++++++++++++++++++++++++
[   33.877602] cloud-init[1051]: ci-info: +-------+--------------+----------+---------------+-----------+-------+
[[0;32m  OK  [0m] Reached target System Initialization.
[   33.878067] cloud-init[1051]: ci-info: | Route | Destination  | Gateway  |    Genmask    | Interface | Flags |
[   34.090074] cloud-init[1051]: ci-info: +-------+--------------+----------+---------------+-----------+-------+
[   34.090729] cloud-init[1051]: ci-info: |   0   |   0.0.0.0    | 10.0.2.2 |    0.0.0.0    |   enp0s3  |   UG  |
[[   34.092983] [0;32m  OK  [0mcloud-init] [1051]: Started Timer to automatically refresh installed snaps.ci-info: |   1   |   10.0.2.0   | 0.0.0.0  | 255.255.255.0 |   enp0s3  |   U   |

         [   34.093703] Starting Socket activation for snappy daemon.cloud-init
[1051]: ci-info: |   2   | 192.168.10.0 | 0.0.0.0  | 255.255.255.0 |   enp0s8  |   U   |
[   34.266044] cloud-init[1051]: ci-info: +-------+--------------+----------+---------------+-----------+-------+
         Starting LXD - unix socket.
[[0;32m  OK  [0m] Started Daily Cleanup of Temporary Directories.
[[0;32m  OK  [0m] Listening on D-Bus System Message Bus Socket.
[[0;32m  OK  [0m] Listening on ACPID Listen Socket.
[[0;32m  OK  [0m] Started ACPI Events Check.
[[0;32m  OK  [0m] Reached target Paths.
[[0;32m  OK  [0m] Listening on UUID daemon activation socket.
[[0;32m  OK  [0m] Started Daily apt download activities.
[[0;32m  OK  [0m] Started Daily apt upgrade and clean activities.
[[0;32m  OK  [0m] Reached target Timers.
[[0;32m  OK  [0m] Listening on Socket activation for snappy daemon.
[[0;32m  OK  [0m] Listening on LXD - unix socket.
[[0;32m  OK  [0m] Started iSCSI initiator daemon (iscsid).
         Starting Login to default iSCSI targets...
[[0;32m  OK  [0m] Reached target Sockets.
[[0;32m  OK  [0m] Reached target Basic System.
         Starting Apply the settings specified in cloud-config...
         Starting System Logging Service...
[[0;32m  OK  [0m] Started Deferred execution scheduler.
[[0;32m  OK  [0m] Started High-performance, schema-free document-oriented database.
         Starting LXD - container startup/shutdown...
         Starting LSB: Record successful boot for GRUB...
[[0;32m  OK  [0m] Started ACPI event daemon.
[[0;32m  OK  [0m] Started D-Bus System Message Bus.
[[0;32m  OK  [0m] Started Regular background program processing daemon.
[[0;32m  OK  [0m] Started FUSE filesystem for LXC.
         Starting LSB: MD monitoring daemon...
         Starting /etc/rc.local Compatibility...
[[0;32m  OK  [0m] Started Unattended Upgrades Shutdown.
         Starting OpenBSD Secure Shell server...
         Starting Login Service...
         Starting Accounts Service...
         Starting Snappy daemon...
[[0;32m  OK  [0m] Started System Logging Service.
[[0;32m  OK  [0m] Started LXD - container startup/shutdown.
[[0;32m  OK  [0m] Started /etc/rc.local Compatibility.
[[0;32m  OK  [0m] Started OpenBSD Secure Shell server.
[[0;32m  OK  [0m] Started Login to default iSCSI targets.
[[0;32m  OK  [0m] Started LSB: MD monitoring daemon.
[[0;32m  OK  [0m] Started LSB: Record successful boot for GRUB.
[[0;32m  OK  [0m] Started Snappy daemon.
[[0;32m  OK  [0m] Started Login Service.
         Starting Authenticate and Authorize Users to Run Privileged Tasks...
[[0;32m  OK  [0m] Reached target Remote File Systems (Pre).
[[0;32m  OK  [0m] Reached target Remote File Systems.
         Starting LSB: automatic crash report generation...
         Starting LSB: daemon to balance interrupts for SMP systems...
[   36.712002] cloud-init[1109]: Cloud-init v. 17.1 running 'modules:config' at Wed, 31 Jan 2018 23:14:05 +0000. Up 36.15 seconds.
         Starting LSB: Set the CPU Frequency Scaling governor to "ondemand"...
         Starting Permit User Sessions...
         Starting LSB: VirtualBox Linux Additions...
[[0;32m  OK  [0m] Started Apply the settings specified in cloud-config.
[[0;32m  OK  [0m] Started Permit User Sessions.
[[0;32m  OK  [0m] Started Authenticate and Authorize Users to Run Privileged Tasks.
[[0;32m  OK  [0m] Started Accounts Service.
[[0;32m  OK  [0m] Started LSB: Set the CPU Frequency Scaling governor to "ondemand".
[[0;32m  OK  [0m] Started LSB: automatic crash report generation.
[[0;32m  OK  [0m] Started LSB: daemon to balance interrupts for SMP systems.
[[0;32m  OK  [0m] Created slice User Slice of vagrant.
         Starting User Manager for UID 1000...
[[0;32m  OK  [0m] Started Session 1 of user vagrant.
         Starting Terminate Plymouth Boot Screen...
         Starting Hold until boot process finishes up...
[[0;32m  OK  [0m] Started User Manager for UID 1000.
[[0;32m  OK  [0m] Started LSB: VirtualBox Linux Additions.
[[0;32m  OK  [0m] Started Terminate Plymouth Boot Screen.
[[0;32m  OK  [0m] Started Hold until boot process finishes up.
         Starting Set console scheme...
[[0;32m  OK  [0m] Started Getty on tty1.
[[0;32m  OK  [0m] Started Serial Getty on ttyS0.
[[0;32m  OK  [0m] Reached target Login Prompts.
[[0;32m  OK  [0m] Reached target Multi-User System.
         Starting Execute cloud user/final scripts...
[[0;32m  OK  [0m] Reached target Graphical Interface.
         Starting Update UTMP about System Runlevel Changes...
[[0;32m  OK  [0m] Started Set console scheme.
[[0;32m  OK  [0m] Started Update UTMP about System Runlevel Changes.
[   38.378607] cloud-init[1321]: Cloud-init v. 17.1 running 'modules:final' at Wed, 31 Jan 2018 23:14:07 +0000. Up 38.20 seconds.
[   38.402026] cloud-init[1321]: Cloud-init v. 17.1 finished at Wed, 31 Jan 2018 23:14:07 +0000. Datasource DataSourceNoCloud [seed=/dev/sdb][dsmode=net].  Up 38.37 seconds
[[0;32m  OK  [0m] Started Execute cloud user/final scripts.
[[0;32m  OK  [0m] Reached target Cloud-init target.

Ubuntu 16.04.3 LTS ubuntu-xenial ttyS0

ubuntu-xenial login: 